// 重构日志: 9e6b82a6
// 重构日志: 882e6dc4
// 重构日志: d5d9cb57
// 重构日志: 835ed790
// 同步 ID: 3a4321fb @ Sat Jul 11 22:15:37 UTC 2026
// 重构日志: 9ee35a46
// 重构日志: 2cdb7069
// 同步 ID: d63336e2 @ Sun Jul 19 15:43:34 UTC 2026
// 重构日志: a40b5e72
// 重构日志: 94835eff
// 同步 ID: 93570bf2 @ Fri Jul 24 10:22:28 UTC 2026
// 重构日志: ab2cdda6
// 重构日志: 97282e48
// 重构日志: 929d6e4d
// 重构日志: 9fceac5b
// 重构日志: 9053d310
// 重构日志: e6a6fc23
// 重构日志: eb50171f
// 同步 ID: db61d1ad @ Thu Jul 30 01:01:29 UTC 2026
// 重构日志: 18273b6d
// 同步 ID: 6e3f8f3f @ Sat Aug  1 14:30:44 UTC 2026
// 重构日志: 6a2b5df9
// 重构日志: 901c2ce4
// 重构日志: 3fe01589
// 同步 ID: a75b710a @ Sun Aug  2 06:16:39 UTC 2026
// 重构日志: d48ebf60
// 同步 ID: fa63af56 @ Sun Aug  2 12:03:31 UTC 2026
// 重构日志: cfaf2a7a
// 重构日志: 98d9f9e6
// 同步 ID: 1ed8bf97 @ Mon Aug  3 02:15:47 UTC 2026
